// Jest Snapshot v1, https://goo.gl/fbAQLP

exports[`A snapshot of HoleNumberRow 1`] = `
<View
  collapsable={true}
  pointerEvents="box-none"
  style={
    Object {
      "flex": 1,
    }
  }
>
  <View
    style={
      Object {
        "backgroundColor": "red",
        "flex": 0,
        "flexDirection": "row",
        "justifyContent": "space-around",
        "zIndex": 3,
      }
    }
  >
    <View
      style={
        Object {
          "alignItems": "center",
          "height": 0,
          "justifyContent": "center",
          "width": 54.433445391378655,
        }
      }
    >
      <Text
        style={
          Object {
            "color": "#495057",
            "fontSize": 20.79172382001754,
          }
        }
      >
        1
      </Text>
    </View>
    <View
      style={
        Object {
          "alignItems": "center",
          "height": 0,
          "justifyContent": "center",
          "width": 54.433445391378655,
        }
      }
    >
      <Text
        style={
          Object {
            "color": "#495057",
            "fontSize": 20.79172382001754,
          }
        }
      >
        2
      </Text>
    </View>
    <View
      style={
        Object {
          "alignItems": "center",
          "height": 0,
          "justifyContent": "center",
          "width": 54.433445391378655,
        }
      }
    >
      <Text
        style={
          Object {
            "color": "#495057",
            "fontSize": 20.79172382001754,
          }
        }
      >
        3
      </Text>
    </View>
    <View
      style={
        Object {
          "alignItems": "center",
          "height": 0,
          "justifyContent": "center",
          "width": 54.433445391378655,
        }
      }
    >
      <Text
        style={
          Object {
            "color": "#495057",
            "fontSize": 20.79172382001754,
          }
        }
      >
        4
      </Text>
    </View>
    <View
      style={
        Object {
          "alignItems": "center",
          "height": 0,
          "justifyContent": "center",
          "width": 54.433445391378655,
        }
      }
    >
      <Text
        style={
          Object {
            "color": "#495057",
            "fontSize": 20.79172382001754,
          }
        }
      >
        5
      </Text>
    </View>
    <View
      style={
        Object {
          "alignItems": "center",
          "height": 0,
          "justifyContent": "center",
          "width": 54.433445391378655,
        }
      }
    >
      <Text
        style={
          Object {
            "color": "#495057",
            "fontSize": 20.79172382001754,
          }
        }
      >
        6
      </Text>
    </View>
    <View
      style={
        Object {
          "alignItems": "center",
          "height": 0,
          "justifyContent": "center",
          "width": 54.433445391378655,
        }
      }
    >
      <Text
        style={
          Object {
            "color": "#495057",
            "fontSize": 20.79172382001754,
          }
        }
      >
        7
      </Text>
    </View>
    <View
      style={
        Object {
          "alignItems": "center",
          "height": 0,
          "justifyContent": "center",
          "width": 54.433445391378655,
        }
      }
    >
      <Text
        style={
          Object {
            "color": "#495057",
            "fontSize": 20.79172382001754,
          }
        }
      >
        8
      </Text>
    </View>
    <View
      style={
        Object {
          "alignItems": "center",
          "height": 0,
          "justifyContent": "center",
          "width": 54.433445391378655,
        }
      }
    >
      <Text
        style={
          Object {
            "color": "#495057",
            "fontSize": 20.79172382001754,
          }
        }
      >
        9
      </Text>
    </View>
    <View
      style={
        Object {
          "alignItems": "center",
          "height": 0,
          "justifyContent": "center",
          "width": 54.433445391378655,
        }
      }
    >
      <Text
        style={
          Object {
            "color": "#495057",
            "fontSize": 20.79172382001754,
          }
        }
      >
        10
      </Text>
    </View>
  </View>
</View>
`;
