// Jest Snapshot v1, https://goo.gl/fbAQLP

exports[`A snapshot of a blow home row 1`] = `
<View
  collapsable={true}
  pointerEvents="box-none"
  style={
    Object {
      "flex": 1,
    }
  }
>
  <View
    style={
      Object {
        "alignItems": "center",
        "backgroundColor": "#eee",
        "borderBottomLeftRadius": 0,
        "borderBottomRightRadius": 0,
        "borderBottomWidth": 0,
        "borderColor": "#aaa",
        "borderLeftWidth": 0,
        "borderRightWidth": 0,
        "borderTopLeftRadius": 20.79172382001754,
        "borderTopRightRadius": 20.79172382001754,
        "borderTopWidth": 0,
        "flex": 1,
        "flexDirection": "row",
        "justifyContent": "space-around",
      }
    }
  >
    <View
      accessibilityRole="button"
      accessible={true}
      collapsable={false}
      style={
        Object {
          "alignItems": "center",
          "backgroundColor": "#fefefe",
          "borderColor": "#aaa",
          "borderRadius": 20.79172382001754,
          "borderWidth": 1.8748172966652428,
          "elevation": 0,
          "flexDirection": "row",
          "height": 67.28344314272223,
          "justifyContent": "center",
          "width": 67.28344314272223,
        }
      }
    >
      <View
        style={
          Object {
            "alignItems": "center",
            "bottom": 0,
            "justifyContent": "center",
            "left": 0,
            "position": "absolute",
            "right": 0,
            "top": 0,
          }
        }
      >
        <Text
          style={
            Object {
              "color": "#aaa",
              "display": "flex",
              "fontSize": 33.64172157136112,
            }
          }
        >
          1
        </Text>
      </View>
      <View
        style={
          Object {
            "alignItems": "center",
            "bottom": 0,
            "justifyContent": "center",
            "left": 0,
            "position": "absolute",
            "right": 0,
            "top": 0,
          }
        }
      >
        <Text
          style={
            Object {
              "bottom": 12.849997751343574,
              "color": "#aaa",
              "display": "flex",
              "fontSize": 20.79172382001754,
              "left": 12.849997751343574,
            }
          }
        >
          
        </Text>
      </View>
    </View>
    <View
      accessibilityRole="button"
      accessible={true}
      collapsable={false}
      style={
        Object {
          "alignItems": "center",
          "backgroundColor": "#fefefe",
          "borderColor": "#aaa",
          "borderRadius": 20.79172382001754,
          "borderWidth": 1.8748172966652428,
          "elevation": 0,
          "flexDirection": "row",
          "height": 67.28344314272223,
          "justifyContent": "center",
          "width": 67.28344314272223,
        }
      }
    >
      <View
        style={
          Object {
            "alignItems": "center",
            "bottom": 0,
            "justifyContent": "center",
            "left": 0,
            "position": "absolute",
            "right": 0,
            "top": 0,
          }
        }
      >
        <Text
          style={
            Object {
              "color": "#aaa",
              "display": "flex",
              "fontSize": 33.64172157136112,
            }
          }
        >
          3
        </Text>
      </View>
      <View
        style={
          Object {
            "alignItems": "center",
            "bottom": 0,
            "justifyContent": "center",
            "left": 0,
            "position": "absolute",
            "right": 0,
            "top": 0,
          }
        }
      >
        <Text
          style={
            Object {
              "bottom": 12.849997751343574,
              "color": "#aaa",
              "display": "flex",
              "fontSize": 20.79172382001754,
              "left": 12.849997751343574,
            }
          }
        >
          
        </Text>
      </View>
    </View>
    <View
      accessibilityRole="button"
      accessible={true}
      collapsable={false}
      style={
        Object {
          "alignItems": "center",
          "backgroundColor": "#fefefe",
          "borderColor": "#aaa",
          "borderRadius": 20.79172382001754,
          "borderWidth": 1.8748172966652428,
          "elevation": 0,
          "flexDirection": "row",
          "height": 67.28344314272223,
          "justifyContent": "center",
          "width": 67.28344314272223,
        }
      }
    >
      <View
        style={
          Object {
            "alignItems": "center",
            "bottom": 0,
            "justifyContent": "center",
            "left": 0,
            "position": "absolute",
            "right": 0,
            "top": 0,
          }
        }
      >
        <Text
          style={
            Object {
              "color": "#aaa",
              "display": "flex",
              "fontSize": 33.64172157136112,
            }
          }
        >
          5
        </Text>
      </View>
      <View
        style={
          Object {
            "alignItems": "center",
            "bottom": 0,
            "justifyContent": "center",
            "left": 0,
            "position": "absolute",
            "right": 0,
            "top": 0,
          }
        }
      >
        <Text
          style={
            Object {
              "bottom": 12.849997751343574,
              "color": "#aaa",
              "display": "flex",
              "fontSize": 20.79172382001754,
              "left": 12.849997751343574,
            }
          }
        >
          
        </Text>
      </View>
    </View>
    <View
      accessibilityRole="button"
      accessible={true}
      collapsable={false}
      style={
        Object {
          "alignItems": "center",
          "backgroundColor": "#fefefe",
          "borderColor": "#aaa",
          "borderRadius": 20.79172382001754,
          "borderWidth": 1.8748172966652428,
          "elevation": 0,
          "flexDirection": "row",
          "height": 67.28344314272223,
          "justifyContent": "center",
          "width": 67.28344314272223,
        }
      }
    >
      <View
        style={
          Object {
            "alignItems": "center",
            "bottom": 0,
            "justifyContent": "center",
            "left": 0,
            "position": "absolute",
            "right": 0,
            "top": 0,
          }
        }
      >
        <Text
          style={
            Object {
              "color": "#aaa",
              "display": "flex",
              "fontSize": 33.64172157136112,
            }
          }
        >
          1
        </Text>
      </View>
      <View
        style={
          Object {
            "alignItems": "center",
            "bottom": 0,
            "justifyContent": "center",
            "left": 0,
            "position": "absolute",
            "right": 0,
            "top": 0,
          }
        }
      >
        <Text
          style={
            Object {
              "bottom": 12.849997751343574,
              "color": "#aaa",
              "display": "flex",
              "fontSize": 20.79172382001754,
              "left": 12.849997751343574,
            }
          }
        >
          
        </Text>
      </View>
    </View>
    <View
      accessibilityRole="button"
      accessible={true}
      collapsable={false}
      style={
        Object {
          "alignItems": "center",
          "backgroundColor": "#fefefe",
          "borderColor": "#aaa",
          "borderRadius": 20.79172382001754,
          "borderWidth": 1.8748172966652428,
          "elevation": 0,
          "flexDirection": "row",
          "height": 67.28344314272223,
          "justifyContent": "center",
          "width": 67.28344314272223,
        }
      }
    >
      <View
        style={
          Object {
            "alignItems": "center",
            "bottom": 0,
            "justifyContent": "center",
            "left": 0,
            "position": "absolute",
            "right": 0,
            "top": 0,
          }
        }
      >
        <Text
          style={
            Object {
              "color": "#aaa",
              "display": "flex",
              "fontSize": 33.64172157136112,
            }
          }
        >
          3
        </Text>
      </View>
      <View
        style={
          Object {
            "alignItems": "center",
            "bottom": 0,
            "justifyContent": "center",
            "left": 0,
            "position": "absolute",
            "right": 0,
            "top": 0,
          }
        }
      >
        <Text
          style={
            Object {
              "bottom": 12.849997751343574,
              "color": "#aaa",
              "display": "flex",
              "fontSize": 20.79172382001754,
              "left": 12.849997751343574,
            }
          }
        >
          
        </Text>
      </View>
    </View>
    <View
      accessibilityRole="button"
      accessible={true}
      collapsable={false}
      style={
        Object {
          "alignItems": "center",
          "backgroundColor": "#fefefe",
          "borderColor": "#aaa",
          "borderRadius": 20.79172382001754,
          "borderWidth": 1.8748172966652428,
          "elevation": 0,
          "flexDirection": "row",
          "height": 67.28344314272223,
          "justifyContent": "center",
          "width": 67.28344314272223,
        }
      }
    >
      <View
        style={
          Object {
            "alignItems": "center",
            "bottom": 0,
            "justifyContent": "center",
            "left": 0,
            "position": "absolute",
            "right": 0,
            "top": 0,
          }
        }
      >
        <Text
          style={
            Object {
              "color": "#aaa",
              "display": "flex",
              "fontSize": 33.64172157136112,
            }
          }
        >
          5
        </Text>
      </View>
      <View
        style={
          Object {
            "alignItems": "center",
            "bottom": 0,
            "justifyContent": "center",
            "left": 0,
            "position": "absolute",
            "right": 0,
            "top": 0,
          }
        }
      >
        <Text
          style={
            Object {
              "bottom": 12.849997751343574,
              "color": "#aaa",
              "display": "flex",
              "fontSize": 20.79172382001754,
              "left": 12.849997751343574,
            }
          }
        >
          
        </Text>
      </View>
    </View>
    <View
      accessibilityRole="button"
      accessible={true}
      collapsable={false}
      style={
        Object {
          "alignItems": "center",
          "backgroundColor": "#fefefe",
          "borderColor": "#aaa",
          "borderRadius": 20.79172382001754,
          "borderWidth": 1.8748172966652428,
          "elevation": 0,
          "flexDirection": "row",
          "height": 67.28344314272223,
          "justifyContent": "center",
          "width": 67.28344314272223,
        }
      }
    >
      <View
        style={
          Object {
            "alignItems": "center",
            "bottom": 0,
            "justifyContent": "center",
            "left": 0,
            "position": "absolute",
            "right": 0,
            "top": 0,
          }
        }
      >
        <Text
          style={
            Object {
              "color": "#aaa",
              "display": "flex",
              "fontSize": 33.64172157136112,
            }
          }
        >
          1
        </Text>
      </View>
      <View
        style={
          Object {
            "alignItems": "center",
            "bottom": 0,
            "justifyContent": "center",
            "left": 0,
            "position": "absolute",
            "right": 0,
            "top": 0,
          }
        }
      >
        <Text
          style={
            Object {
              "bottom": 12.849997751343574,
              "color": "#aaa",
              "display": "flex",
              "fontSize": 20.79172382001754,
              "left": 12.849997751343574,
            }
          }
        >
          
        </Text>
      </View>
    </View>
    <View
      accessibilityRole="button"
      accessible={true}
      collapsable={false}
      style={
        Object {
          "alignItems": "center",
          "backgroundColor": "#fefefe",
          "borderColor": "#aaa",
          "borderRadius": 20.79172382001754,
          "borderWidth": 1.8748172966652428,
          "elevation": 0,
          "flexDirection": "row",
          "height": 67.28344314272223,
          "justifyContent": "center",
          "width": 67.28344314272223,
        }
      }
    >
      <View
        style={
          Object {
            "alignItems": "center",
            "bottom": 0,
            "justifyContent": "center",
            "left": 0,
            "position": "absolute",
            "right": 0,
            "top": 0,
          }
        }
      >
        <Text
          style={
            Object {
              "color": "#aaa",
              "display": "flex",
              "fontSize": 33.64172157136112,
            }
          }
        >
          3
        </Text>
      </View>
      <View
        style={
          Object {
            "alignItems": "center",
            "bottom": 0,
            "justifyContent": "center",
            "left": 0,
            "position": "absolute",
            "right": 0,
            "top": 0,
          }
        }
      >
        <Text
          style={
            Object {
              "bottom": 12.849997751343574,
              "color": "#aaa",
              "display": "flex",
              "fontSize": 20.79172382001754,
              "left": 12.849997751343574,
            }
          }
        >
          
        </Text>
      </View>
    </View>
    <View
      accessibilityRole="button"
      accessible={true}
      collapsable={false}
      style={
        Object {
          "alignItems": "center",
          "backgroundColor": "#fefefe",
          "borderColor": "#aaa",
          "borderRadius": 20.79172382001754,
          "borderWidth": 1.8748172966652428,
          "elevation": 0,
          "flexDirection": "row",
          "height": 67.28344314272223,
          "justifyContent": "center",
          "width": 67.28344314272223,
        }
      }
    >
      <View
        style={
          Object {
            "alignItems": "center",
            "bottom": 0,
            "justifyContent": "center",
            "left": 0,
            "position": "absolute",
            "right": 0,
            "top": 0,
          }
        }
      >
        <Text
          style={
            Object {
              "color": "#aaa",
              "display": "flex",
              "fontSize": 33.64172157136112,
            }
          }
        >
          5
        </Text>
      </View>
      <View
        style={
          Object {
            "alignItems": "center",
            "bottom": 0,
            "justifyContent": "center",
            "left": 0,
            "position": "absolute",
            "right": 0,
            "top": 0,
          }
        }
      >
        <Text
          style={
            Object {
              "bottom": 12.849997751343574,
              "color": "#aaa",
              "display": "flex",
              "fontSize": 20.79172382001754,
              "left": 12.849997751343574,
            }
          }
        >
          
        </Text>
      </View>
    </View>
    <View
      accessibilityRole="button"
      accessible={true}
      collapsable={false}
      style={
        Object {
          "alignItems": "center",
          "backgroundColor": "#fefefe",
          "borderColor": "#aaa",
          "borderRadius": 20.79172382001754,
          "borderWidth": 1.8748172966652428,
          "elevation": 0,
          "flexDirection": "row",
          "height": 67.28344314272223,
          "justifyContent": "center",
          "width": 67.28344314272223,
        }
      }
    >
      <View
        style={
          Object {
            "alignItems": "center",
            "bottom": 0,
            "justifyContent": "center",
            "left": 0,
            "position": "absolute",
            "right": 0,
            "top": 0,
          }
        }
      >
        <Text
          style={
            Object {
              "color": "#aaa",
              "display": "flex",
              "fontSize": 33.64172157136112,
            }
          }
        >
          1
        </Text>
      </View>
      <View
        style={
          Object {
            "alignItems": "center",
            "bottom": 0,
            "justifyContent": "center",
            "left": 0,
            "position": "absolute",
            "right": 0,
            "top": 0,
          }
        }
      >
        <Text
          style={
            Object {
              "bottom": 12.849997751343574,
              "color": "#aaa",
              "display": "flex",
              "fontSize": 20.79172382001754,
              "left": 12.849997751343574,
            }
          }
        >
          
        </Text>
      </View>
    </View>
  </View>
</View>
`;

exports[`A snapshot of a draw home row 1`] = `
<View
  collapsable={true}
  pointerEvents="box-none"
  style={
    Object {
      "flex": 1,
    }
  }
>
  <View
    style={
      Object {
        "alignItems": "center",
        "backgroundColor": "#eee",
        "borderBottomLeftRadius": 20.79172382001754,
        "borderBottomRightRadius": 20.79172382001754,
        "borderBottomWidth": 0,
        "borderColor": "#aaa",
        "borderLeftWidth": 0,
        "borderRightWidth": 0,
        "borderTopLeftRadius": 0,
        "borderTopRightRadius": 0,
        "borderTopWidth": 0,
        "flex": 1,
        "flexDirection": "row",
        "justifyContent": "space-around",
      }
    }
  >
    <View
      accessibilityRole="button"
      accessible={true}
      collapsable={false}
      style={
        Object {
          "alignItems": "center",
          "backgroundColor": "#fefefe",
          "borderColor": "#aaa",
          "borderRadius": 20.79172382001754,
          "borderWidth": 1.8748172966652428,
          "elevation": 0,
          "flexDirection": "row",
          "height": 67.28344314272223,
          "justifyContent": "center",
          "width": 67.28344314272223,
        }
      }
    >
      <View
        style={
          Object {
            "alignItems": "center",
            "bottom": 0,
            "justifyContent": "center",
            "left": 0,
            "position": "absolute",
            "right": 0,
            "top": 0,
          }
        }
      >
        <Text
          style={
            Object {
              "color": "#aaa",
              "display": "flex",
              "fontSize": 33.64172157136112,
            }
          }
        >
          2
        </Text>
      </View>
      <View
        style={
          Object {
            "alignItems": "center",
            "bottom": 0,
            "justifyContent": "center",
            "left": 0,
            "position": "absolute",
            "right": 0,
            "top": 0,
          }
        }
      >
        <Text
          style={
            Object {
              "bottom": 12.849997751343574,
              "color": "#aaa",
              "display": "flex",
              "fontSize": 20.79172382001754,
              "left": 12.849997751343574,
            }
          }
        >
          
        </Text>
      </View>
    </View>
    <View
      accessibilityRole="button"
      accessible={true}
      collapsable={false}
      style={
        Object {
          "alignItems": "center",
          "backgroundColor": "#fefefe",
          "borderColor": "#aaa",
          "borderRadius": 20.79172382001754,
          "borderWidth": 1.8748172966652428,
          "elevation": 0,
          "flexDirection": "row",
          "height": 67.28344314272223,
          "justifyContent": "center",
          "width": 67.28344314272223,
        }
      }
    >
      <View
        style={
          Object {
            "alignItems": "center",
            "bottom": 0,
            "justifyContent": "center",
            "left": 0,
            "position": "absolute",
            "right": 0,
            "top": 0,
          }
        }
      >
        <Text
          style={
            Object {
              "color": "#aaa",
              "display": "flex",
              "fontSize": 33.64172157136112,
            }
          }
        >
          5
        </Text>
      </View>
      <View
        style={
          Object {
            "alignItems": "center",
            "bottom": 0,
            "justifyContent": "center",
            "left": 0,
            "position": "absolute",
            "right": 0,
            "top": 0,
          }
        }
      >
        <Text
          style={
            Object {
              "bottom": 12.849997751343574,
              "color": "#aaa",
              "display": "flex",
              "fontSize": 20.79172382001754,
              "left": 12.849997751343574,
            }
          }
        >
          
        </Text>
      </View>
    </View>
    <View
      accessibilityRole="button"
      accessible={true}
      collapsable={false}
      style={
        Object {
          "alignItems": "center",
          "backgroundColor": "#fefefe",
          "borderColor": "#aaa",
          "borderRadius": 20.79172382001754,
          "borderWidth": 1.8748172966652428,
          "elevation": 0,
          "flexDirection": "row",
          "height": 67.28344314272223,
          "justifyContent": "center",
          "width": 67.28344314272223,
        }
      }
    >
      <View
        style={
          Object {
            "alignItems": "center",
            "bottom": 0,
            "justifyContent": "center",
            "left": 0,
            "position": "absolute",
            "right": 0,
            "top": 0,
          }
        }
      >
        <Text
          style={
            Object {
              "color": "#aaa",
              "display": "flex",
              "fontSize": 33.64172157136112,
            }
          }
        >
          7
        </Text>
      </View>
      <View
        style={
          Object {
            "alignItems": "center",
            "bottom": 0,
            "justifyContent": "center",
            "left": 0,
            "position": "absolute",
            "right": 0,
            "top": 0,
          }
        }
      >
        <Text
          style={
            Object {
              "bottom": 12.849997751343574,
              "color": "#aaa",
              "display": "flex",
              "fontSize": 20.79172382001754,
              "left": 12.849997751343574,
            }
          }
        >
          
        </Text>
      </View>
    </View>
    <View
      accessibilityRole="button"
      accessible={true}
      collapsable={false}
      style={
        Object {
          "alignItems": "center",
          "backgroundColor": "#fefefe",
          "borderColor": "#aaa",
          "borderRadius": 20.79172382001754,
          "borderWidth": 1.8748172966652428,
          "elevation": 0,
          "flexDirection": "row",
          "height": 67.28344314272223,
          "justifyContent": "center",
          "width": 67.28344314272223,
        }
      }
    >
      <View
        style={
          Object {
            "alignItems": "center",
            "bottom": 0,
            "justifyContent": "center",
            "left": 0,
            "position": "absolute",
            "right": 0,
            "top": 0,
          }
        }
      >
        <Text
          style={
            Object {
              "color": "#aaa",
              "display": "flex",
              "fontSize": 33.64172157136112,
            }
          }
        >
          2
        </Text>
      </View>
      <View
        style={
          Object {
            "alignItems": "center",
            "bottom": 0,
            "justifyContent": "center",
            "left": 0,
            "position": "absolute",
            "right": 0,
            "top": 0,
          }
        }
      >
        <Text
          style={
            Object {
              "bottom": 12.849997751343574,
              "color": "#aaa",
              "display": "flex",
              "fontSize": 20.79172382001754,
              "left": 12.849997751343574,
            }
          }
        >
          
        </Text>
      </View>
    </View>
    <View
      accessibilityRole="button"
      accessible={true}
      collapsable={false}
      style={
        Object {
          "alignItems": "center",
          "backgroundColor": "#fefefe",
          "borderColor": "#aaa",
          "borderRadius": 20.79172382001754,
          "borderWidth": 1.8748172966652428,
          "elevation": 0,
          "flexDirection": "row",
          "height": 67.28344314272223,
          "justifyContent": "center",
          "width": 67.28344314272223,
        }
      }
    >
      <View
        style={
          Object {
            "alignItems": "center",
            "bottom": 0,
            "justifyContent": "center",
            "left": 0,
            "position": "absolute",
            "right": 0,
            "top": 0,
          }
        }
      >
        <Text
          style={
            Object {
              "color": "#aaa",
              "display": "flex",
              "fontSize": 33.64172157136112,
            }
          }
        >
          4
        </Text>
      </View>
      <View
        style={
          Object {
            "alignItems": "center",
            "bottom": 0,
            "justifyContent": "center",
            "left": 0,
            "position": "absolute",
            "right": 0,
            "top": 0,
          }
        }
      >
        <Text
          style={
            Object {
              "bottom": 12.849997751343574,
              "color": "#aaa",
              "display": "flex",
              "fontSize": 20.79172382001754,
              "left": 12.849997751343574,
            }
          }
        >
          
        </Text>
      </View>
    </View>
    <View
      accessibilityRole="button"
      accessible={true}
      collapsable={false}
      style={
        Object {
          "alignItems": "center",
          "backgroundColor": "#fefefe",
          "borderColor": "#aaa",
          "borderRadius": 20.79172382001754,
          "borderWidth": 1.8748172966652428,
          "elevation": 0,
          "flexDirection": "row",
          "height": 67.28344314272223,
          "justifyContent": "center",
          "width": 67.28344314272223,
        }
      }
    >
      <View
        style={
          Object {
            "alignItems": "center",
            "bottom": 0,
            "justifyContent": "center",
            "left": 0,
            "position": "absolute",
            "right": 0,
            "top": 0,
          }
        }
      >
        <Text
          style={
            Object {
              "color": "#aaa",
              "display": "flex",
              "fontSize": 33.64172157136112,
            }
          }
        >
          6
        </Text>
      </View>
      <View
        style={
          Object {
            "alignItems": "center",
            "bottom": 0,
            "justifyContent": "center",
            "left": 0,
            "position": "absolute",
            "right": 0,
            "top": 0,
          }
        }
      >
        <Text
          style={
            Object {
              "bottom": 12.849997751343574,
              "color": "#aaa",
              "display": "flex",
              "fontSize": 20.79172382001754,
              "left": 12.849997751343574,
            }
          }
        >
          
        </Text>
      </View>
    </View>
    <View
      accessibilityRole="button"
      accessible={true}
      collapsable={false}
      style={
        Object {
          "alignItems": "center",
          "backgroundColor": "#fefefe",
          "borderColor": "#aaa",
          "borderRadius": 20.79172382001754,
          "borderWidth": 1.8748172966652428,
          "elevation": 0,
          "flexDirection": "row",
          "height": 67.28344314272223,
          "justifyContent": "center",
          "width": 67.28344314272223,
        }
      }
    >
      <View
        style={
          Object {
            "alignItems": "center",
            "bottom": 0,
            "justifyContent": "center",
            "left": 0,
            "position": "absolute",
            "right": 0,
            "top": 0,
          }
        }
      >
        <Text
          style={
            Object {
              "color": "#aaa",
              "display": "flex",
              "fontSize": 33.64172157136112,
            }
          }
        >
          7
        </Text>
      </View>
      <View
        style={
          Object {
            "alignItems": "center",
            "bottom": 0,
            "justifyContent": "center",
            "left": 0,
            "position": "absolute",
            "right": 0,
            "top": 0,
          }
        }
      >
        <Text
          style={
            Object {
              "bottom": 12.849997751343574,
              "color": "#aaa",
              "display": "flex",
              "fontSize": 20.79172382001754,
              "left": 12.849997751343574,
            }
          }
        >
          
        </Text>
      </View>
    </View>
    <View
      accessibilityRole="button"
      accessible={true}
      collapsable={false}
      style={
        Object {
          "alignItems": "center",
          "backgroundColor": "#fefefe",
          "borderColor": "#aaa",
          "borderRadius": 20.79172382001754,
          "borderWidth": 1.8748172966652428,
          "elevation": 0,
          "flexDirection": "row",
          "height": 67.28344314272223,
          "justifyContent": "center",
          "width": 67.28344314272223,
        }
      }
    >
      <View
        style={
          Object {
            "alignItems": "center",
            "bottom": 0,
            "justifyContent": "center",
            "left": 0,
            "position": "absolute",
            "right": 0,
            "top": 0,
          }
        }
      >
        <Text
          style={
            Object {
              "color": "#aaa",
              "display": "flex",
              "fontSize": 33.64172157136112,
            }
          }
        >
          2
        </Text>
      </View>
      <View
        style={
          Object {
            "alignItems": "center",
            "bottom": 0,
            "justifyContent": "center",
            "left": 0,
            "position": "absolute",
            "right": 0,
            "top": 0,
          }
        }
      >
        <Text
          style={
            Object {
              "bottom": 12.849997751343574,
              "color": "#aaa",
              "display": "flex",
              "fontSize": 20.79172382001754,
              "left": 12.849997751343574,
            }
          }
        >
          
        </Text>
      </View>
    </View>
    <View
      accessibilityRole="button"
      accessible={true}
      collapsable={false}
      style={
        Object {
          "alignItems": "center",
          "backgroundColor": "#fefefe",
          "borderColor": "#aaa",
          "borderRadius": 20.79172382001754,
          "borderWidth": 1.8748172966652428,
          "elevation": 0,
          "flexDirection": "row",
          "height": 67.28344314272223,
          "justifyContent": "center",
          "width": 67.28344314272223,
        }
      }
    >
      <View
        style={
          Object {
            "alignItems": "center",
            "bottom": 0,
            "justifyContent": "center",
            "left": 0,
            "position": "absolute",
            "right": 0,
            "top": 0,
          }
        }
      >
        <Text
          style={
            Object {
              "color": "#aaa",
              "display": "flex",
              "fontSize": 33.64172157136112,
            }
          }
        >
          4
        </Text>
      </View>
      <View
        style={
          Object {
            "alignItems": "center",
            "bottom": 0,
            "justifyContent": "center",
            "left": 0,
            "position": "absolute",
            "right": 0,
            "top": 0,
          }
        }
      >
        <Text
          style={
            Object {
              "bottom": 12.849997751343574,
              "color": "#aaa",
              "display": "flex",
              "fontSize": 20.79172382001754,
              "left": 12.849997751343574,
            }
          }
        >
          
        </Text>
      </View>
    </View>
    <View
      accessibilityRole="button"
      accessible={true}
      collapsable={false}
      style={
        Object {
          "alignItems": "center",
          "backgroundColor": "#fefefe",
          "borderColor": "#aaa",
          "borderRadius": 20.79172382001754,
          "borderWidth": 1.8748172966652428,
          "elevation": 0,
          "flexDirection": "row",
          "height": 67.28344314272223,
          "justifyContent": "center",
          "width": 67.28344314272223,
        }
      }
    >
      <View
        style={
          Object {
            "alignItems": "center",
            "bottom": 0,
            "justifyContent": "center",
            "left": 0,
            "position": "absolute",
            "right": 0,
            "top": 0,
          }
        }
      >
        <Text
          style={
            Object {
              "color": "#aaa",
              "display": "flex",
              "fontSize": 33.64172157136112,
            }
          }
        >
          6
        </Text>
      </View>
      <View
        style={
          Object {
            "alignItems": "center",
            "bottom": 0,
            "justifyContent": "center",
            "left": 0,
            "position": "absolute",
            "right": 0,
            "top": 0,
          }
        }
      >
        <Text
          style={
            Object {
              "bottom": 12.849997751343574,
              "color": "#aaa",
              "display": "flex",
              "fontSize": 20.79172382001754,
              "left": 12.849997751343574,
            }
          }
        >
          
        </Text>
      </View>
    </View>
  </View>
</View>
`;

exports[`A snapshot of a non-home row 1`] = `
<View
  collapsable={true}
  pointerEvents="box-none"
  style={
    Object {
      "flex": 1,
    }
  }
>
  <View
    style={
      Object {
        "alignItems": "center",
        "backgroundColor": "transparent",
        "borderBottomLeftRadius": 0,
        "borderBottomRightRadius": 0,
        "borderBottomWidth": 0,
        "borderColor": "#aaa",
        "borderLeftWidth": 0,
        "borderRightWidth": 0,
        "borderTopLeftRadius": 0,
        "borderTopRightRadius": 0,
        "borderTopWidth": 0,
        "flex": 1,
        "flexDirection": "row",
        "justifyContent": "space-around",
      }
    }
  >
    <View
      accessible={false}
      style={
        Object {
          "alignItems": "center",
          "backgroundColor": "#fefefe",
          "borderColor": "#aaa",
          "borderRadius": 20.79172382001754,
          "borderWidth": 0,
          "elevation": 0,
          "flexDirection": "row",
          "height": 67.28344314272223,
          "justifyContent": "center",
          "width": 67.28344314272223,
        }
      }
    >
      <View
        style={
          Object {
            "alignItems": "center",
            "backgroundColor": "#fefefe",
            "borderColor": "#aaa",
            "borderRadius": 20.79172382001754,
            "borderWidth": 0,
            "elevation": 0,
            "flexDirection": "row",
            "height": 67.28344314272223,
            "justifyContent": "center",
            "width": 67.28344314272223,
          }
        }
      />
    </View>
    <View
      accessible={false}
      style={
        Object {
          "alignItems": "center",
          "backgroundColor": "#fefefe",
          "borderColor": "#aaa",
          "borderRadius": 20.79172382001754,
          "borderWidth": 0,
          "elevation": 0,
          "flexDirection": "row",
          "height": 67.28344314272223,
          "justifyContent": "center",
          "width": 67.28344314272223,
        }
      }
    >
      <View
        style={
          Object {
            "alignItems": "center",
            "backgroundColor": "#fefefe",
            "borderColor": "#aaa",
            "borderRadius": 20.79172382001754,
            "borderWidth": 0,
            "elevation": 0,
            "flexDirection": "row",
            "height": 67.28344314272223,
            "justifyContent": "center",
            "width": 67.28344314272223,
          }
        }
      />
    </View>
    <View
      accessible={false}
      style={
        Object {
          "alignItems": "center",
          "backgroundColor": "#fefefe",
          "borderColor": "#aaa",
          "borderRadius": 20.79172382001754,
          "borderWidth": 0,
          "elevation": 0,
          "flexDirection": "row",
          "height": 67.28344314272223,
          "justifyContent": "center",
          "width": 67.28344314272223,
        }
      }
    >
      <View
        style={
          Object {
            "alignItems": "center",
            "backgroundColor": "#fefefe",
            "borderColor": "#aaa",
            "borderRadius": 20.79172382001754,
            "borderWidth": 0,
            "elevation": 0,
            "flexDirection": "row",
            "height": 67.28344314272223,
            "justifyContent": "center",
            "width": 67.28344314272223,
          }
        }
      />
    </View>
    <View
      accessible={false}
      style={
        Object {
          "alignItems": "center",
          "backgroundColor": "#fefefe",
          "borderColor": "#aaa",
          "borderRadius": 20.79172382001754,
          "borderWidth": 0,
          "elevation": 0,
          "flexDirection": "row",
          "height": 67.28344314272223,
          "justifyContent": "center",
          "width": 67.28344314272223,
        }
      }
    >
      <View
        style={
          Object {
            "alignItems": "center",
            "backgroundColor": "#fefefe",
            "borderColor": "#aaa",
            "borderRadius": 20.79172382001754,
            "borderWidth": 0,
            "elevation": 0,
            "flexDirection": "row",
            "height": 67.28344314272223,
            "justifyContent": "center",
            "width": 67.28344314272223,
          }
        }
      />
    </View>
    <View
      accessible={false}
      style={
        Object {
          "alignItems": "center",
          "backgroundColor": "#fefefe",
          "borderColor": "#aaa",
          "borderRadius": 20.79172382001754,
          "borderWidth": 0,
          "elevation": 0,
          "flexDirection": "row",
          "height": 67.28344314272223,
          "justifyContent": "center",
          "width": 67.28344314272223,
        }
      }
    >
      <View
        style={
          Object {
            "alignItems": "center",
            "backgroundColor": "#fefefe",
            "borderColor": "#aaa",
            "borderRadius": 20.79172382001754,
            "borderWidth": 0,
            "elevation": 0,
            "flexDirection": "row",
            "height": 67.28344314272223,
            "justifyContent": "center",
            "width": 67.28344314272223,
          }
        }
      />
    </View>
    <View
      accessible={false}
      style={
        Object {
          "alignItems": "center",
          "backgroundColor": "#fefefe",
          "borderColor": "#aaa",
          "borderRadius": 20.79172382001754,
          "borderWidth": 0,
          "elevation": 0,
          "flexDirection": "row",
          "height": 67.28344314272223,
          "justifyContent": "center",
          "width": 67.28344314272223,
        }
      }
    >
      <View
        style={
          Object {
            "alignItems": "center",
            "backgroundColor": "#fefefe",
            "borderColor": "#aaa",
            "borderRadius": 20.79172382001754,
            "borderWidth": 0,
            "elevation": 0,
            "flexDirection": "row",
            "height": 67.28344314272223,
            "justifyContent": "center",
            "width": 67.28344314272223,
          }
        }
      />
    </View>
    <View
      accessible={false}
      style={
        Object {
          "alignItems": "center",
          "backgroundColor": "#fefefe",
          "borderColor": "#aaa",
          "borderRadius": 20.79172382001754,
          "borderWidth": 0,
          "elevation": 0,
          "flexDirection": "row",
          "height": 67.28344314272223,
          "justifyContent": "center",
          "width": 67.28344314272223,
        }
      }
    >
      <View
        style={
          Object {
            "alignItems": "center",
            "backgroundColor": "#fefefe",
            "borderColor": "#aaa",
            "borderRadius": 20.79172382001754,
            "borderWidth": 0,
            "elevation": 0,
            "flexDirection": "row",
            "height": 67.28344314272223,
            "justifyContent": "center",
            "width": 67.28344314272223,
          }
        }
      />
    </View>
    <View
      accessible={false}
      style={
        Object {
          "alignItems": "center",
          "backgroundColor": "#fefefe",
          "borderColor": "#aaa",
          "borderRadius": 20.79172382001754,
          "borderWidth": 0,
          "elevation": 0,
          "flexDirection": "row",
          "height": 67.28344314272223,
          "justifyContent": "center",
          "width": 67.28344314272223,
        }
      }
    >
      <View
        style={
          Object {
            "alignItems": "center",
            "backgroundColor": "#fefefe",
            "borderColor": "#aaa",
            "borderRadius": 20.79172382001754,
            "borderWidth": 0,
            "elevation": 0,
            "flexDirection": "row",
            "height": 67.28344314272223,
            "justifyContent": "center",
            "width": 67.28344314272223,
          }
        }
      />
    </View>
    <View
      accessible={false}
      style={
        Object {
          "alignItems": "center",
          "backgroundColor": "#fefefe",
          "borderColor": "#aaa",
          "borderRadius": 20.79172382001754,
          "borderWidth": 0,
          "elevation": 0,
          "flexDirection": "row",
          "height": 67.28344314272223,
          "justifyContent": "center",
          "width": 67.28344314272223,
        }
      }
    >
      <View
        style={
          Object {
            "alignItems": "center",
            "backgroundColor": "#fefefe",
            "borderColor": "#aaa",
            "borderRadius": 20.79172382001754,
            "borderWidth": 0,
            "elevation": 0,
            "flexDirection": "row",
            "height": 67.28344314272223,
            "justifyContent": "center",
            "width": 67.28344314272223,
          }
        }
      />
    </View>
    <View
      accessibilityRole="button"
      accessible={true}
      collapsable={false}
      style={
        Object {
          "alignItems": "center",
          "backgroundColor": "#fefefe",
          "borderColor": "#aaa",
          "borderRadius": 20.79172382001754,
          "borderWidth": 1.8748172966652428,
          "elevation": 0,
          "flexDirection": "row",
          "height": 67.28344314272223,
          "justifyContent": "center",
          "width": 67.28344314272223,
        }
      }
    >
      <View
        style={
          Object {
            "alignItems": "center",
            "bottom": 0,
            "justifyContent": "center",
            "left": 0,
            "position": "absolute",
            "right": 0,
            "top": 0,
          }
        }
      >
        <Text
          style={
            Object {
              "color": "#aaa",
              "display": "flex",
              "fontSize": 33.64172157136112,
            }
          }
        >
          7
        </Text>
      </View>
      <View
        style={
          Object {
            "alignItems": "center",
            "bottom": 0,
            "justifyContent": "center",
            "left": 0,
            "position": "absolute",
            "right": 0,
            "top": 0,
          }
        }
      >
        <Text
          style={
            Object {
              "bottom": 12.849997751343574,
              "color": "#aaa",
              "display": "flex",
              "fontSize": 20.79172382001754,
              "left": 12.849997751343574,
            }
          }
        >
          b
        </Text>
      </View>
    </View>
  </View>
</View>
`;
